// Jest Snapshot v1, https://goo.gl/fbAQLP

exports[`Glide renders without crashing 1`] = `
<div
  className="glide--container"
  style={
    Object {
      "position": "relative",
      "width": 500,
    }
  }
>
  <div
    className="glide--item"
  >
    <CSSTransition
      appear={true}
      classNames="current"
      timeout={300}
    >
      <Preloader
        currentIndex={0}
        elements={
          Array [
            <h1>
              Slide One
            </h1>,
            <h1>
              Slide Two
            </h1>,
            <h1>
              Slide Three
            </h1>,
          ]
        }
      />
    </CSSTransition>
  </div>
  <button
    className="glide--next-btn"
    onClick={[Function]}
  >
    ❯
  </button>
  <ul
    className="glide--dots"
  >
    <li
      className="active-dot"
      onClick={[Function]}
    >
      ·
    </li>
    <li
      className="inactive-dot"
      onClick={[Function]}
    >
      ·
    </li>
    <li
      className="inactive-dot"
      onClick={[Function]}
    >
      ·
    </li>
  </ul>
</div>
`;
